// Jest Snapshot v1, https://goo.gl/fbAQLP

exports[`should match snapshot 1`] = `
Array [
  <article
    className="article"
  >
    <hr
      className="thumbnail"
    />
    <hr
      className="hr"
    />
    <hr
      className="hr"
    />
    <hr
      className="hr"
    />
  </article>,
  <article
    className="article"
  >
    <hr
      className="thumbnail"
    />
    <hr
      className="hr"
    />
    <hr
      className="hr"
    />
    <hr
      className="hr"
    />
    <hr
      className="hr"
    />
  </article>,
  <article
    className="article"
  >
    <hr
      className="thumbnail"
    />
    <hr
      className="hr"
    />
  </article>,
  <article
    className="article"
  >
    <hr
      className="thumbnail"
    />
    <hr
      className="hr"
    />
    <hr
      className="hr"
    />
    <hr
      className="hr"
    />
    <hr
      className="hr"
    />
    <hr
      className="hr"
    />
    <hr
      className="hr"
    />
  </article>,
  <article
    className="article"
  >
    <hr
      className="thumbnail"
    />
    <hr
      className="hr"
    />
    <hr
      className="hr"
    />
    <hr
      className="hr"
    />
    <hr
      className="hr"
    />
    <hr
      className="hr"
    />
  </article>,
]
`;
